#-----------------------------------------------------------
# Webtalk v2020.1 (64-bit)
# SW Build 2902540 on Wed May 27 19:54:49 MDT 2020
# IP Build 2902112 on Wed May 27 22:43:36 MDT 2020
# Start of session at: Fri Jun 26 14:26:29 2020
# Process ID: 19928
# Current directory: C:/Users/9benj/Documents/GitHub/Reconfigurable-RISC-V/src/multicore_fpga/multicore_fpga.sim/sim_1/behav/xsim
# Command line: wbtcv.exe -mode batch -source C:/Users/9benj/Documents/GitHub/Reconfigurable-RISC-V/src/multicore_fpga/multicore_fpga.sim/sim_1/behav/xsim/xsim.dir/tb_core_top_wrapper_behav/webtalk/xsim_webtalk.tcl -notrace
# Log file: C:/Users/9benj/Documents/GitHub/Reconfigurable-RISC-V/src/multicore_fpga/multicore_fpga.sim/sim_1/behav/xsim/webtalk.log
# Journal file: C:/Users/9benj/Documents/GitHub/Reconfigurable-RISC-V/src/multicore_fpga/multicore_fpga.sim/sim_1/behav/xsim\webtalk.jou
#-----------------------------------------------------------
source C:/Users/9benj/Documents/GitHub/Reconfigurable-RISC-V/src/multicore_fpga/multicore_fpga.sim/sim_1/behav/xsim/xsim.dir/tb_core_top_wrapper_behav/webtalk/xsim_webtalk.tcl -notrace
