Copyright 1986-2018 Xilinx, Inc. All Rights Reserved.
-------------------------------------------------------------------------------------------------------------------------
| Tool Version : Vivado v.2018.3 (win64) Build 2405991 Thu Dec  6 23:38:27 MST 2018
| Date         : Sun Jan 27 21:31:14 2019
| Host         : Drew running 64-bit major release  (build 9200)
| Command      : report_utilization -file mc_top_wrapper_utilization_placed.rpt -pb mc_top_wrapper_utilization_placed.pb
| Design       : mc_top_wrapper
| Device       : 7s50csga324-1
| Design State : Fully Placed
-------------------------------------------------------------------------------------------------------------------------

Utilization Design Information

Table of Contents
-----------------
1. Slice Logic
1.1 Summary of Registers by Type
2. Slice Logic Distribution
3. Memory
4. DSP
5. IO and GT Specific
6. Clocking
7. Specific Feature
8. Primitives
9. Black Boxes
10. Instantiated Netlists

1. Slice Logic
--------------

+----------------------------+------+-------+-----------+-------+
|          Site Type         | Used | Fixed | Available | Util% |
+----------------------------+------+-------+-----------+-------+
| Slice LUTs                 | 6540 |     0 |     32600 | 20.06 |
|   LUT as Logic             | 5248 |     0 |     32600 | 16.10 |
|   LUT as Memory            | 1292 |     0 |      9600 | 13.46 |
|     LUT as Distributed RAM | 1092 |     0 |           |       |
|     LUT as Shift Register  |  200 |     0 |           |       |
| Slice Registers            | 6342 |     2 |     65200 |  9.73 |
|   Register as Flip Flop    | 6332 |     2 |     65200 |  9.71 |
|   Register as Latch        |    0 |     0 |     65200 |  0.00 |
|   Register as AND/OR       |   10 |     0 |     65200 |  0.02 |
| F7 Muxes                   |  151 |     0 |     16300 |  0.93 |
| F8 Muxes                   |   32 |     0 |      8150 |  0.39 |
+----------------------------+------+-------+-----------+-------+


1.1 Summary of Registers by Type
--------------------------------

+-------+--------------+-------------+--------------+
| Total | Clock Enable | Synchronous | Asynchronous |
+-------+--------------+-------------+--------------+
| 10    |            _ |           - |            - |
| 0     |            _ |           - |          Set |
| 0     |            _ |           - |        Reset |
| 0     |            _ |         Set |            - |
| 0     |            _ |       Reset |            - |
| 0     |          Yes |           - |            - |
| 86    |          Yes |           - |          Set |
| 180   |          Yes |           - |        Reset |
| 128   |          Yes |         Set |            - |
| 5938  |          Yes |       Reset |            - |
+-------+--------------+-------------+--------------+


2. Slice Logic Distribution
---------------------------

+--------------------------------------------+------+-------+-----------+-------+
|                  Site Type                 | Used | Fixed | Available | Util% |
+--------------------------------------------+------+-------+-----------+-------+
| Slice                                      | 2430 |     0 |      8150 | 29.82 |
|   SLICEL                                   | 1623 |     0 |           |       |
|   SLICEM                                   |  807 |     0 |           |       |
| LUT as Logic                               | 5248 |     0 |     32600 | 16.10 |
|   using O5 output only                     |    5 |       |           |       |
|   using O6 output only                     | 4047 |       |           |       |
|   using O5 and O6                          | 1196 |       |           |       |
| LUT as Memory                              | 1292 |     0 |      9600 | 13.46 |
|   LUT as Distributed RAM                   | 1092 |     0 |           |       |
|     using O5 output only                   |    0 |       |           |       |
|     using O6 output only                   |  704 |       |           |       |
|     using O5 and O6                        |  388 |       |           |       |
|   LUT as Shift Register                    |  200 |     0 |           |       |
|     using O5 output only                   |   12 |       |           |       |
|     using O6 output only                   |  188 |       |           |       |
|     using O5 and O6                        |    0 |       |           |       |
| Slice Registers                            | 6342 |     0 |     65200 |  9.73 |
|   Register driven from within the Slice    | 3245 |       |           |       |
|   Register driven from outside the Slice   | 3097 |       |           |       |
|     LUT in front of the register is unused | 2212 |       |           |       |
|     LUT in front of the register is used   |  885 |       |           |       |
| Unique Control Sets                        |  328 |       |      8150 |  4.02 |
+--------------------------------------------+------+-------+-----------+-------+
* Note: Available Control Sets calculated as Slice Registers / 8, Review the Control Sets Report for more information regarding control sets.


3. Memory
---------

+-------------------+------+-------+-----------+-------+
|     Site Type     | Used | Fixed | Available | Util% |
+-------------------+------+-------+-----------+-------+
| Block RAM Tile    |    3 |     0 |        75 |  4.00 |
|   RAMB36/FIFO*    |    3 |     0 |        75 |  4.00 |
|     RAMB36E1 only |    3 |       |           |       |
|   RAMB18          |    0 |     0 |       150 |  0.00 |
+-------------------+------+-------+-----------+-------+
* Note: Each Block RAM Tile only has one FIFO logic available and therefore can accommodate only one FIFO36E1 or one FIFO18E1. However, if a FIFO18E1 occupies a Block RAM Tile, that tile can still accommodate a RAMB18E1


4. DSP
------

+-----------+------+-------+-----------+-------+
| Site Type | Used | Fixed | Available | Util% |
+-----------+------+-------+-----------+-------+
| DSPs      |    0 |     0 |       120 |  0.00 |
+-----------+------+-------+-----------+-------+


5. IO and GT Specific
---------------------

+-----------------------------+------+-------+-----------+-------+
|          Site Type          | Used | Fixed | Available | Util% |
+-----------------------------+------+-------+-----------+-------+
| Bonded IOB                  |   50 |    50 |       210 | 23.81 |
|   IOB Master Pads           |   24 |       |           |       |
|   IOB Slave Pads            |   24 |       |           |       |
| Bonded IPADs                |    0 |     0 |         2 |  0.00 |
| PHY_CONTROL                 |    1 |     1 |         5 | 20.00 |
| PHASER_REF                  |    1 |     1 |         5 | 20.00 |
| OUT_FIFO                    |    4 |     4 |        20 | 20.00 |
| IN_FIFO                     |    2 |     2 |        20 | 10.00 |
| IDELAYCTRL                  |    1 |     0 |         5 | 20.00 |
| IBUFDS                      |    0 |     0 |       202 |  0.00 |
| PHASER_OUT/PHASER_OUT_PHY   |    4 |     4 |        20 | 20.00 |
|   PHASER_OUT_PHY only       |    4 |     4 |           |       |
| PHASER_IN/PHASER_IN_PHY     |    2 |     2 |        20 | 10.00 |
|   PHASER_IN_PHY only        |    2 |     2 |           |       |
| IDELAYE2/IDELAYE2_FINEDELAY |   16 |    16 |       250 |  6.40 |
|   IDELAYE2 only             |   16 |    16 |           |       |
| ILOGIC                      |   16 |    16 |       210 |  7.62 |
|   ISERDES                   |   16 |    16 |           |       |
| OLOGIC                      |   46 |    46 |       210 | 21.90 |
|   OUTFF_ODDR_Register       |    3 |     3 |           |       |
|   TFF_ODDR_Register         |    2 |     2 |           |       |
|   OSERDES                   |   43 |    43 |           |       |
+-----------------------------+------+-------+-----------+-------+


6. Clocking
-----------

+------------+------+-------+-----------+-------+
|  Site Type | Used | Fixed | Available | Util% |
+------------+------+-------+-----------+-------+
| BUFGCTRL   |    3 |     0 |        32 |  9.38 |
| BUFIO      |    0 |     0 |        20 |  0.00 |
| MMCME2_ADV |    1 |     1 |         5 | 20.00 |
| PLLE2_ADV  |    1 |     1 |         5 | 20.00 |
| BUFMRCE    |    0 |     0 |        10 |  0.00 |
| BUFHCE     |    1 |     0 |        72 |  1.39 |
| BUFR       |    0 |     0 |        20 |  0.00 |
+------------+------+-------+-----------+-------+


7. Specific Feature
-------------------

+-------------+------+-------+-----------+--------+
|  Site Type  | Used | Fixed | Available |  Util% |
+-------------+------+-------+-----------+--------+
| BSCANE2     |    1 |     0 |         4 |  25.00 |
| CAPTUREE2   |    0 |     0 |         1 |   0.00 |
| DNA_PORT    |    0 |     0 |         1 |   0.00 |
| EFUSE_USR   |    0 |     0 |         1 |   0.00 |
| FRAME_ECCE2 |    0 |     0 |         1 |   0.00 |
| ICAPE2      |    0 |     0 |         2 |   0.00 |
| STARTUPE2   |    0 |     0 |         1 |   0.00 |
| XADC        |    1 |     0 |         1 | 100.00 |
+-------------+------+-------+-----------+--------+


8. Primitives
-------------

+--------------------------+------+---------------------+
|         Ref Name         | Used | Functional Category |
+--------------------------+------+---------------------+
| FDRE                     | 5938 |        Flop & Latch |
| LUT6                     | 1833 |                 LUT |
| LUT5                     | 1399 |                 LUT |
| LUT4                     | 1090 |                 LUT |
| LUT3                     | 1014 |                 LUT |
| LUT2                     |  819 |                 LUT |
| RAMD64E                  |  704 |  Distributed Memory |
| RAMD32                   |  582 |  Distributed Memory |
| LUT1                     |  289 |                 LUT |
| RAMS32                   |  194 |  Distributed Memory |
| SRLC32E                  |  186 |  Distributed Memory |
| CARRY4                   |  186 |          CarryLogic |
| FDCE                     |  180 |        Flop & Latch |
| MUXF7                    |  151 |               MuxFx |
| FDSE                     |  128 |        Flop & Latch |
| FDPE                     |   86 |        Flop & Latch |
| OSERDESE2                |   43 |                  IO |
| MUXF8                    |   32 |               MuxFx |
| OBUF                     |   24 |                  IO |
| OBUFT                    |   18 |                  IO |
| ISERDESE2                |   16 |                  IO |
| IDELAYE2                 |   16 |                  IO |
| IBUF_INTERMDISABLE       |   16 |                  IO |
| SRL16E                   |   14 |  Distributed Memory |
| AND2B1L                  |    8 |              Others |
| ODDR                     |    5 |                  IO |
| PHASER_OUT_PHY           |    4 |                  IO |
| OUT_FIFO                 |    4 |                  IO |
| OBUFTDS                  |    4 |                  IO |
| IBUFDS_INTERMDISABLE_INT |    4 |                  IO |
| RAMB36E1                 |    3 |        Block Memory |
| INV                      |    3 |                 LUT |
| BUFG                     |    3 |               Clock |
| PHASER_IN_PHY            |    2 |                  IO |
| OR2L                     |    2 |              Others |
| OBUFDS                   |    2 |                  IO |
| IN_FIFO                  |    2 |                  IO |
| IBUF                     |    2 |                  IO |
| XADC                     |    1 |              Others |
| PLLE2_ADV                |    1 |               Clock |
| PHY_CONTROL              |    1 |                  IO |
| PHASER_REF               |    1 |                  IO |
| MMCME2_ADV               |    1 |               Clock |
| IDELAYCTRL               |    1 |                  IO |
| BUFH                     |    1 |               Clock |
| BSCANE2                  |    1 |              Others |
+--------------------------+------+---------------------+


9. Black Boxes
--------------

+----------+------+
| Ref Name | Used |
+----------+------+


10. Instantiated Netlists
-------------------------

+---------------------------------+------+
|             Ref Name            | Used |
+---------------------------------+------+
| mc_top_reset_bridge_wrapper_0_0 |    1 |
| mc_top_mig_7series_0_0          |    1 |
| mc_top_jtag_axi_0_0             |    1 |
| mc_top_inv_ff_0_0               |    1 |
| dbg_hub                         |    1 |
+---------------------------------+------+


