#-----------------------------------------------------------
# Vivado v2020.1 (64-bit)
# SW Build 2902540 on Wed May 27 19:54:49 MDT 2020
# IP Build 2902112 on Wed May 27 22:43:36 MDT 2020
# Start of session at: Fri Jun 26 14:09:18 2020
# Process ID: 21140
# Current directory: C:/Users/9benj/Documents/GitHub/Reconfigurable-RISC-V/src/multicore_fpga
# Command line: vivado.exe -gui_launcher_event rodinguilauncherevent768 C:\Users\9benj\Documents\GitHub\Reconfigurable-RISC-V\src\multicore_fpga\multicore_fpga.xpr
# Log file: C:/Users/9benj/Documents/GitHub/Reconfigurable-RISC-V/src/multicore_fpga/vivado.log
# Journal file: C:/Users/9benj/Documents/GitHub/Reconfigurable-RISC-V/src/multicore_fpga\vivado.jou
#-----------------------------------------------------------
start_gui
open_project C:/Users/9benj/Documents/GitHub/Reconfigurable-RISC-V/src/multicore_fpga/multicore_fpga.xpr
update_compile_order -fileset sources_1
update_module_reference mc_top_core_top_wrapper_0_0
update_module_reference tb_core_top_tb_clk_gen_0_0
update_module_reference tb_core_top_core_top_wrapper_0_0
launch_simulation
get_board_parts
report_ip_status -name ip_status 
